Log level from config: info, Log format: default, OTel enabled: true
OpenTelemetry initialized: exporter=memory (max_spans=1000), service_name=iii, sampling_ratio=1
[10:13:54.649 AM] [INFO] opentelemetry Global meter provider is set. Meters can now be created using global::meter() or global::meter_with_scope().
    └ name: "MeterProvider.GlobalSet"
[10:13:54.653 AM] [INFO] iii::workers::config Building engine with 11 workers
[10:13:54.655 AM] [INFO] iii::workers::config Resolved 'iii-worker-ops' as external worker 'iii-worker-ops' (/Users/akashdhardubey/.local/bin/iii-worker)
[10:13:54.656 AM] [INFO] iii::workers::external External worker 'iii-worker-ops' initialized (binary: /Users/akashdhardubey/.local/bin/iii-worker)
[10:13:54.662 AM] [INFO] iii::workers::rest_api::api_core Initializing API adapter on port 3111
[10:13:54.670 AM] [INFO] iii::trigger [REGISTERED] Trigger Type http
[10:13:54.671 AM] [WARN] iii::builtins::kv DO NOT USE IN_MEMORY STORE_METHOD IN PRODUCTION - DATA WILL BE LOST ON SHUTDOWN
[10:13:54.671 AM] [INFO] iii::workers::stream::stream Initializing StreamWorker
[10:13:54.672 AM] [INFO] iii::trigger [REGISTERED] Trigger Type stream:join
[10:13:54.672 AM] [INFO] iii::trigger [REGISTERED] Trigger Type stream:leave
[10:13:54.672 AM] [INFO] iii::trigger [REGISTERED] Trigger Type stream
[10:13:54.673 AM] [INFO] iii::function [REGISTERED] Function stream::set
[10:13:54.673 AM] [INFO] iii::function [REGISTERED] Function stream::get
[10:13:54.673 AM] [INFO] iii::function [REGISTERED] Function stream::delete
[10:13:54.674 AM] [INFO] iii::function [REGISTERED] Function stream::list
[10:13:54.674 AM] [INFO] iii::function [REGISTERED] Function stream::list_groups
[10:13:54.674 AM] [INFO] iii::function [REGISTERED] Function stream::list_all
[10:13:54.674 AM] [INFO] iii::function [REGISTERED] Function stream::send
[10:13:54.675 AM] [INFO] iii::function [REGISTERED] Function stream::update
[10:13:54.676 AM] [INFO] opentelemetry_sdk Last reference of MeterProvider dropped, initiating shutdown.
    └ name: "MeterProvider.Drop"
[10:13:54.676 AM] [INFO] opentelemetry Global meter provider is set. Meters can now be created using global::meter() or global::meter_with_scope().
    └ name: "MeterProvider.GlobalSet"
[Metrics] OpenTelemetry metrics initialized: exporter=memory (in-memory only), service_name=iii
[10:13:54.678 AM] [INFO] iii::workers::observability [ROLLUPS] Rollup storage initialized with 3 levels (1m, 5m, 1h)
[10:13:54.678 AM] [INFO] iii::trigger [REGISTERED] Trigger Type log
[10:13:54.678 AM] [INFO] iii::workers::observability [READY] OpenTelemetry module initialized (log, traces, metrics, logs, rollups functions available)
[10:13:54.678 AM] [INFO] iii::function [REGISTERED] Function engine::log::info
[10:13:54.678 AM] [INFO] iii::function [REGISTERED] Function engine::log::warn
[10:13:54.678 AM] [INFO] iii::function [REGISTERED] Function engine::log::error
[10:13:54.678 AM] [INFO] iii::function [REGISTERED] Function engine::log::debug
[10:13:54.678 AM] [INFO] iii::function [REGISTERED] Function engine::log::trace
[10:13:54.678 AM] [INFO] iii::function [REGISTERED] Function engine::baggage::get
[10:13:54.678 AM] [INFO] iii::function [REGISTERED] Function engine::baggage::set
[10:13:54.678 AM] [INFO] iii::function [REGISTERED] Function engine::baggage::get_all
[10:13:54.678 AM] [INFO] iii::function [REGISTERED] Function engine::traces::list
[10:13:54.678 AM] [INFO] iii::function [REGISTERED] Function engine::traces::tree
[10:13:54.678 AM] [INFO] iii::function [REGISTERED] Function engine::traces::clear
[10:13:54.678 AM] [INFO] iii::function [REGISTERED] Function engine::traces::group_by
[10:13:54.678 AM] [INFO] iii::function [REGISTERED] Function engine::metrics::list
[10:13:54.679 AM] [INFO] iii::function [REGISTERED] Function engine::logs::list
[10:13:54.679 AM] [INFO] iii::function [REGISTERED] Function engine::logs::clear
[10:13:54.679 AM] [INFO] iii::function [REGISTERED] Function engine::sampling::rules
[10:13:54.679 AM] [INFO] iii::function [REGISTERED] Function engine::health::check
[10:13:54.679 AM] [INFO] iii::function [REGISTERED] Function engine::alerts::list
[10:13:54.679 AM] [INFO] iii::function [REGISTERED] Function engine::alerts::evaluate
[10:13:54.679 AM] [INFO] iii::function [REGISTERED] Function engine::rollups::list
[10:13:54.679 AM] [INFO] iii::workers::worker Initializing WorkerManager
[10:13:54.679 AM] [WARN] iii::builtins::kv DO NOT USE IN_MEMORY STORE_METHOD IN PRODUCTION - DATA WILL BE LOST ON SHUTDOWN
[10:13:54.679 AM] [INFO] iii::workers::state::state Initializing StateWorker
[10:13:54.680 AM] [INFO] iii::trigger [REGISTERED] Trigger Type state
[10:13:54.680 AM] [INFO] iii::function [REGISTERED] Function state::set
[10:13:54.680 AM] [INFO] iii::function [REGISTERED] Function state::get
[10:13:54.680 AM] [INFO] iii::function [REGISTERED] Function state::delete
[10:13:54.680 AM] [INFO] iii::function [REGISTERED] Function state::update
[10:13:54.680 AM] [INFO] iii::function [REGISTERED] Function state::list
[10:13:54.680 AM] [INFO] iii::function [REGISTERED] Function state::list_groups
[10:13:54.680 AM] [WARN] iii::builtins::kv DO NOT USE IN_MEMORY STORE_METHOD IN PRODUCTION - DATA WILL BE LOST ON SHUTDOWN
[10:13:54.680 AM] [INFO] iii::builtins::queue No persisted queue state found, rebuilding from job records
[10:13:54.680 AM] [INFO] iii::builtins::queue Queue state rebuilt from storage
[10:13:54.680 AM] [INFO] iii::workers::queue::queue Initializing QueueModule
[10:13:54.680 AM] [INFO] iii::trigger [REGISTERED] Trigger Type durable:subscriber
[10:13:54.680 AM] [INFO] iii::function [REGISTERED] Function iii::durable::publish
[10:13:54.680 AM] [INFO] iii::function [REGISTERED] Function iii::queue::redrive
[10:13:54.680 AM] [INFO] iii::function [REGISTERED] Function iii::queue::redrive_message
[10:13:54.680 AM] [INFO] iii::function [REGISTERED] Function iii::queue::discard_message
[10:13:54.680 AM] [INFO] iii::function [REGISTERED] Function engine::queue::list_topics
[10:13:54.680 AM] [INFO] iii::function [REGISTERED] Function engine::queue::topic_stats
[10:13:54.680 AM] [INFO] iii::function [REGISTERED] Function engine::queue::dlq_topics
[10:13:54.680 AM] [INFO] iii::function [REGISTERED] Function engine::queue::dlq_messages
[10:13:54.681 AM] [INFO] iii::workers::engine_fn Initializing EngineFunctionsWorker
[10:13:54.681 AM] [INFO] iii::trigger [REGISTERED] Trigger Type engine::functions-available
[10:13:54.681 AM] [INFO] iii::trigger [REGISTERED] Trigger Type engine::workers-available
[10:13:54.681 AM] [INFO] iii::function [REGISTERED] Function engine::channels::create
[10:13:54.681 AM] [INFO] iii::function [REGISTERED] Function engine::functions::list
[10:13:54.681 AM] [INFO] iii::function [REGISTERED] Function engine::workers::list
[10:13:54.681 AM] [INFO] iii::function [REGISTERED] Function engine::triggers::list
[10:13:54.681 AM] [INFO] iii::function [REGISTERED] Function engine::trigger-types::list
[10:13:54.681 AM] [INFO] iii::function [REGISTERED] Function engine::workers::register
[10:13:54.745 AM] [INFO] iii::workers::telemetry Anonymous telemetry enabled. Set III_TELEMETRY_ENABLED=false to disable.
[10:13:54.753 AM] [INFO] iii::workers::pubsub::pubsub Initializing PubSubModule
[10:13:54.753 AM] [INFO] iii::trigger [REGISTERED] Trigger Type subscribe
[10:13:54.753 AM] [INFO] iii::function [REGISTERED] Function publish
[10:13:54.754 AM] [WARN] iii::workers::cron::adapters::kv_adapter KvCronAdapter uses process-local locks; cron jobs may run on every engine instance
    ├ lock_index: cron_locks
    └ lock_ttl_ms: 30000
[10:13:54.755 AM] [WARN] iii::builtins::kv DO NOT USE IN_MEMORY STORE_METHOD IN PRODUCTION - DATA WILL BE LOST ON SHUTDOWN
[10:13:54.755 AM] [INFO] iii::workers::cron::cron Initializing CronModule
[10:13:54.755 AM] [INFO] iii::trigger [REGISTERED] Trigger Type cron
[10:13:54.755 AM] [INFO] iii::workers::cron::cron [READY] Cron trigger type initialized
[10:13:56.763 AM] [INFO] iii::workers::external Spawned external worker 'iii-worker-ops' (pid: Some(79671))
[10:13:56.764 AM] [INFO] iii::workers::stream::stream Starting StreamWorker on 0.0.0.0:3112
[10:13:56.764 AM] [INFO] iii::workers::rest_api::api_core API listening on address: 0.0.0.0:3111
[10:13:56.764 AM] [INFO] iii::workers::worker Engine listening on address: 0.0.0.0:49134
[10:13:56.765 AM] [INFO] iii::workers::stream::stream Stream API listening on address: 0.0.0.0:3112
[10:13:56.765 AM] [INFO] iii::workers::config reload: no config file to watch (--use-default-config)
[10:13:58.909 AM] [INFO] iii::worker_connections Worker registered
    ├ worker_id: e23e6d71-e109-4741-af2b-3500658a773e
    └ ip_address: Some("127.0.0.1")
[10:13:58.912 AM] [INFO] iii::function [REGISTERED] Function worker::schema
[10:13:58.913 AM] [INFO] iii::function [REGISTERED] Function worker::start
[10:13:58.913 AM] [INFO] iii::function [REGISTERED] Function worker::update
[10:13:58.913 AM] [INFO] iii::function [REGISTERED] Function worker::list
[10:13:58.913 AM] [INFO] iii::function [REGISTERED] Function worker::remove
[10:13:58.913 AM] [INFO] iii::function [REGISTERED] Function worker::add
[10:13:58.913 AM] [INFO] iii::function [REGISTERED] Function worker::stop
[10:13:58.913 AM] [INFO] iii::function [REGISTERED] Function worker::clear
[10:14:01.772 AM] [INFO] iii::workers::engine_fn New functions detected, firing functions-available trigger
